\BOOKMARK [0][-]{chapter*.1}{\376\377\000A\000c\000k\000n\000o\000w\000l\000e\000d\000g\000m\000e\000n\000t}{}% 1
\BOOKMARK [0][-]{chapter*.2}{\376\377\000S\000u\000m\000m\000a\000r\000y}{}% 2
\BOOKMARK [0][-]{chapter*.3}{\376\377\000L\000i\000s\000t\000\040\000o\000f\000\040\000F\000i\000g\000u\000r\000e\000s}{}% 3
\BOOKMARK [0][-]{chapter*.4}{\376\377\000L\000i\000s\000t\000\040\000o\000f\000\040\000T\000a\000b\000l\000e\000s}{}% 4
\BOOKMARK [0][-]{chapter*.6}{\376\377\000L\000i\000s\000t\000\040\000o\000f\000\040\000A\000b\000b\000r\000e\000v\000i\000a\000t\000i\000o\000n\000s}{}% 5
\BOOKMARK [0][-]{chapter.1}{\376\377\000I\000n\000t\000r\000o\000d\000u\000c\000t\000i\000o\000n}{}% 6
\BOOKMARK [1][-]{section.1.1}{\376\377\000C\000o\000n\000t\000e\000x\000t}{chapter.1}% 7
\BOOKMARK [1][-]{section.1.2}{\376\377\000M\000o\000t\000i\000v\000a\000t\000i\000o\000n}{chapter.1}% 8
\BOOKMARK [1][-]{section.1.3}{\376\377\000S\000c\000o\000p\000e}{chapter.1}% 9
\BOOKMARK [1][-]{section.1.4}{\376\377\000P\000r\000o\000b\000l\000e\000m\000\040\000D\000e\000f\000i\000n\000i\000t\000i\000o\000n}{chapter.1}% 10
\BOOKMARK [1][-]{section.1.5}{\376\377\000G\000o\000a\000l\000s\000\040\000a\000n\000d\000\040\000O\000b\000j\000e\000c\000t\000i\000v\000e\000s}{chapter.1}% 11
\BOOKMARK [1][-]{section.1.6}{\376\377\000S\000o\000l\000u\000t\000i\000o\000n\000s}{chapter.1}% 12
\BOOKMARK [2][-]{subsection.1.6.1}{\376\377\000T\000r\000a\000d\000i\000t\000i\000o\000n\000a\000l\000\040\000S\000o\000l\000u\000t\000i\000o\000n\000s}{section.1.6}% 13
\BOOKMARK [2][-]{subsection.1.6.2}{\376\377\000T\000e\000c\000h\000n\000o\000l\000o\000g\000i\000c\000a\000l\000\040\000S\000o\000l\000u\000t\000i\000o\000n}{section.1.6}% 14
\BOOKMARK [0][-]{chapter.2}{\376\377\000L\000i\000t\000e\000r\000a\000t\000u\000r\000e\000\040\000R\000e\000v\000i\000e\000w}{}% 15
\BOOKMARK [1][-]{section.2.1}{\376\377\000O\000v\000e\000r\000v\000i\000e\000w}{chapter.2}% 16
\BOOKMARK [1][-]{section.2.2}{\376\377\000S\000p\000o\000r\000t\000s\000-\000D\000a\000t\000a\000\040\000a\000n\000d\000\040\000L\000i\000v\000e\000-\000S\000c\000o\000r\000e\000\040\000P\000l\000a\000t\000f\000o\000r\000m\000s}{chapter.2}% 17
\BOOKMARK [1][-]{section.2.3}{\376\377\000E\000l\000i\000t\000e\000\040\000P\000e\000r\000f\000o\000r\000m\000a\000n\000c\000e\000\040\000a\000n\000d\000\040\000A\000n\000a\000l\000y\000s\000i\000s\000\040\000S\000u\000i\000t\000e\000s}{chapter.2}% 18
\BOOKMARK [1][-]{section.2.4}{\376\377\000G\000e\000n\000e\000r\000i\000c\000\040\000C\000l\000u\000b\000\040\000a\000n\000d\000\040\000T\000e\000a\000m\000\040\000A\000d\000m\000i\000n\000i\000s\000t\000r\000a\000t\000i\000o\000n\000\040\000T\000o\000o\000l\000s}{chapter.2}% 19
\BOOKMARK [1][-]{section.2.5}{\376\377\000T\000e\000c\000h\000n\000i\000c\000a\000l\000\040\000F\000o\000u\000n\000d\000a\000t\000i\000o\000n\000s\000\040\000i\000n\000\040\000t\000h\000e\000\040\000L\000i\000t\000e\000r\000a\000t\000u\000r\000e}{chapter.2}% 20
\BOOKMARK [2][-]{subsection.2.5.1}{\376\377\000M\000i\000c\000r\000o\000s\000e\000r\000v\000i\000c\000e\000s\000\040\000A\000r\000c\000h\000i\000t\000e\000c\000t\000u\000r\000e}{section.2.5}% 21
\BOOKMARK [2][-]{subsection.2.5.2}{\376\377\000R\000o\000l\000e\000-\000B\000a\000s\000e\000d\000\040\000A\000c\000c\000e\000s\000s\000\040\000C\000o\000n\000t\000r\000o\000l}{section.2.5}% 22
\BOOKMARK [2][-]{subsection.2.5.3}{\376\377\000E\000v\000e\000n\000t\000-\000D\000r\000i\000v\000e\000n\000\040\000A\000r\000c\000h\000i\000t\000e\000c\000t\000u\000r\000e\000\040\000a\000n\000d\000\040\000M\000e\000s\000s\000a\000g\000i\000n\000g}{section.2.5}% 23
\BOOKMARK [2][-]{subsection.2.5.4}{\376\377\000R\000e\000a\000l\000-\000T\000i\000m\000e\000\040\000W\000e\000b\000\040\000C\000o\000m\000m\000u\000n\000i\000c\000a\000t\000i\000o\000n}{section.2.5}% 24
\BOOKMARK [1][-]{section.2.6}{\376\377\000A\000r\000c\000h\000i\000t\000e\000c\000t\000u\000r\000a\000l\000\040\000P\000e\000r\000s\000p\000e\000c\000t\000i\000v\000e\000\040\000o\000n\000\040\000E\000x\000i\000s\000t\000i\000n\000g\000\040\000P\000r\000o\000d\000u\000c\000t\000s}{chapter.2}% 25
\BOOKMARK [1][-]{section.2.7}{\376\377\000C\000o\000m\000p\000a\000r\000a\000t\000i\000v\000e\000\040\000P\000o\000s\000i\000t\000i\000o\000n\000i\000n\000g}{chapter.2}% 26
\BOOKMARK [1][-]{section.2.8}{\376\377\000R\000e\000s\000e\000a\000r\000c\000h\000\040\000G\000a\000p\000\040\000a\000n\000d\000\040\000P\000o\000s\000i\000t\000i\000o\000n\000i\000n\000g}{chapter.2}% 27
\BOOKMARK [0][-]{chapter.3}{\376\377\000M\000e\000t\000h\000o\000d\000o\000l\000o\000g\000y}{}% 28
\BOOKMARK [1][-]{section.3.1}{\376\377\000D\000e\000v\000e\000l\000o\000p\000m\000e\000n\000t\000\040\000M\000e\000t\000h\000o\000d\000o\000l\000o\000g\000y}{chapter.3}% 29
\BOOKMARK [1][-]{section.3.2}{\376\377\000S\000y\000s\000t\000e\000m\000\040\000R\000e\000q\000u\000i\000r\000e\000m\000e\000n\000t\000s}{chapter.3}% 30
\BOOKMARK [2][-]{subsection.3.2.1}{\376\377\000S\000t\000a\000k\000e\000h\000o\000l\000d\000e\000r\000s\000\040\000a\000n\000d\000\040\000R\000o\000l\000e\000s}{section.3.2}% 31
\BOOKMARK [2][-]{subsection.3.2.2}{\376\377\000F\000u\000n\000c\000t\000i\000o\000n\000a\000l\000\040\000R\000e\000q\000u\000i\000r\000e\000m\000e\000n\000t\000s}{section.3.2}% 32
\BOOKMARK [2][-]{subsection.3.2.3}{\376\377\000N\000o\000n\000-\000F\000u\000n\000c\000t\000i\000o\000n\000a\000l\000\040\000R\000e\000q\000u\000i\000r\000e\000m\000e\000n\000t\000s}{section.3.2}% 33
\BOOKMARK [1][-]{section.3.3}{\376\377\000S\000y\000s\000t\000e\000m\000\040\000A\000r\000c\000h\000i\000t\000e\000c\000t\000u\000r\000e}{chapter.3}% 34
\BOOKMARK [1][-]{section.3.4}{\376\377\000M\000i\000c\000r\000o\000s\000e\000r\000v\000i\000c\000e\000s\000\040\000D\000e\000c\000o\000m\000p\000o\000s\000i\000t\000i\000o\000n}{chapter.3}% 35
\BOOKMARK [1][-]{section.3.5}{\376\377\000S\000e\000c\000u\000r\000i\000t\000y\000\040\000a\000n\000d\000\040\000A\000u\000t\000h\000e\000n\000t\000i\000c\000a\000t\000i\000o\000n}{chapter.3}% 36
\BOOKMARK [2][-]{subsection.3.5.1}{\376\377\000I\000d\000e\000n\000t\000i\000t\000y\000\040\000P\000r\000o\000v\000i\000d\000e\000r\000\040\000a\000n\000d\000\040\000T\000o\000k\000e\000n\000\040\000I\000s\000s\000u\000a\000n\000c\000e}{section.3.5}% 37
\BOOKMARK [2][-]{subsection.3.5.2}{\376\377\000S\000t\000a\000t\000e\000l\000e\000s\000s\000\040\000V\000e\000r\000i\000f\000i\000c\000a\000t\000i\000o\000n\000\040\000a\000t\000\040\000t\000h\000e\000\040\000G\000a\000t\000e\000w\000a\000y}{section.3.5}% 38
\BOOKMARK [2][-]{subsection.3.5.3}{\376\377\000R\000o\000l\000e\000-\000B\000a\000s\000e\000d\000\040\000A\000c\000c\000e\000s\000s\000\040\000C\000o\000n\000t\000r\000o\000l\000\040\000i\000n\000\040\000D\000e\000p\000t\000h}{section.3.5}% 39
\BOOKMARK [2][-]{subsection.3.5.4}{\376\377\000R\000e\000a\000l\000-\000T\000i\000m\000e\000\040\000C\000h\000a\000n\000n\000e\000l\000\040\000a\000n\000d\000\040\000P\000a\000s\000s\000w\000o\000r\000d\000\040\000V\000e\000r\000i\000f\000i\000c\000a\000t\000i\000o\000n}{section.3.5}% 40
\BOOKMARK [1][-]{section.3.6}{\376\377\000D\000a\000t\000a\000\040\000D\000e\000s\000i\000g\000n}{chapter.3}% 41
\BOOKMARK [2][-]{subsection.3.6.1}{\376\377\000C\000r\000o\000s\000s\000-\000S\000e\000r\000v\000i\000c\000e\000\040\000I\000d\000e\000n\000t\000i\000f\000i\000e\000r\000s}{section.3.6}% 42
\BOOKMARK [2][-]{subsection.3.6.2}{\376\377\000E\000n\000t\000i\000t\000y\000-\000R\000e\000l\000a\000t\000i\000o\000n\000s\000h\000i\000p\000\040\000M\000o\000d\000e\000l}{section.3.6}% 43
\BOOKMARK [2][-]{subsection.3.6.3}{\376\377\000P\000e\000r\000-\000S\000e\000r\000v\000i\000c\000e\000\040\000S\000c\000h\000e\000m\000a\000\040\000W\000a\000l\000k\000-\000t\000h\000r\000o\000u\000g\000h}{section.3.6}% 44
\BOOKMARK [1][-]{section.3.7}{\376\377\000D\000o\000m\000a\000i\000n\000\040\000a\000n\000d\000\040\000C\000l\000a\000s\000s\000\040\000M\000o\000d\000e\000l}{chapter.3}% 45
\BOOKMARK [1][-]{section.3.8}{\376\377\000A\000P\000I\000\040\000S\000u\000r\000f\000a\000c\000e\000\040\000O\000v\000e\000r\000v\000i\000e\000w}{chapter.3}% 46
\BOOKMARK [1][-]{section.3.9}{\376\377\000T\000e\000c\000h\000n\000o\000l\000o\000g\000y\000\040\000S\000t\000a\000c\000k}{chapter.3}% 47
\BOOKMARK [1][-]{section.3.10}{\376\377\000B\000e\000h\000a\000v\000i\000o\000u\000r\000a\000l\000\040\000F\000l\000o\000w\000s\000\040\000a\000n\000d\000\040\000S\000e\000q\000u\000e\000n\000c\000e\000\040\000D\000e\000s\000i\000g\000n\000s}{chapter.3}% 48
\BOOKMARK [2][-]{subsection.3.10.1}{\376\377\000A\000u\000t\000h\000e\000n\000t\000i\000c\000a\000t\000i\000o\000n\000\040\000a\000n\000d\000\040\000S\000e\000s\000s\000i\000o\000n\000\040\000E\000s\000t\000a\000b\000l\000i\000s\000h\000m\000e\000n\000t}{section.3.10}% 49
\BOOKMARK [2][-]{subsection.3.10.2}{\376\377\000S\000c\000h\000e\000d\000u\000l\000i\000n\000g\000\040\000a\000n\000\040\000O\000f\000f\000i\000c\000i\000a\000l\000\040\000M\000a\000t\000c\000h\000\040\000f\000r\000o\000m\000\040\000a\000\040\000C\000o\000m\000p\000e\000t\000i\000t\000i\000o\000n\000\040\000F\000i\000x\000t\000u\000r\000e}{section.3.10}% 50
\BOOKMARK [2][-]{subsection.3.10.3}{\376\377\000L\000i\000v\000e\000-\000M\000a\000t\000c\000h\000\040\000P\000h\000a\000s\000e\000\040\000P\000r\000o\000g\000r\000e\000s\000s\000i\000o\000n\000\040\000w\000i\000t\000h\000\040\000E\000x\000t\000r\000a\000\040\000T\000i\000m\000e\000\040\000a\000n\000d\000\040\000P\000e\000n\000a\000l\000t\000i\000e\000s}{section.3.10}% 51
\BOOKMARK [2][-]{subsection.3.10.4}{\376\377\000T\000h\000e\000\040\000I\000n\000j\000u\000r\000y\000-\000t\000o\000-\000R\000e\000c\000o\000v\000e\000r\000y\000\040\000M\000e\000d\000i\000c\000a\000l\000\040\000W\000o\000r\000k\000f\000l\000o\000w}{section.3.10}% 52
\BOOKMARK [2][-]{subsection.3.10.5}{\376\377\000R\000e\000a\000l\000-\000T\000i\000m\000e\000\040\000G\000r\000o\000u\000p\000\040\000M\000e\000s\000s\000a\000g\000i\000n\000g\000\040\000o\000v\000e\000r\000\040\000W\000e\000b\000S\000o\000c\000k\000e\000t\000\040\000w\000i\000t\000h\000\040\000P\000o\000l\000l\000i\000n\000g\000\040\000F\000a\000l\000l\000b\000a\000c\000k}{section.3.10}% 53
\BOOKMARK [2][-]{subsection.3.10.6}{\376\377\000E\000v\000e\000n\000t\000-\000D\000r\000i\000v\000e\000n\000\040\000N\000o\000t\000i\000f\000i\000c\000a\000t\000i\000o\000n\000\040\000C\000r\000e\000a\000t\000i\000o\000n\000\040\000v\000i\000a\000\040\000K\000a\000f\000k\000a}{section.3.10}% 54
\BOOKMARK [0][-]{chapter.4}{\376\377\000S\000y\000s\000t\000e\000m\000\040\000D\000e\000s\000i\000g\000n\000\040\000a\000n\000d\000\040\000M\000o\000d\000e\000l\000s}{}% 55
\BOOKMARK [1][-]{section.4.1}{\376\377\000S\000y\000s\000t\000e\000m\000\040\000A\000r\000c\000h\000i\000t\000e\000c\000t\000u\000r\000e}{chapter.4}% 56
\BOOKMARK [1][-]{section.4.2}{\376\377\000U\000s\000e\000-\000C\000a\000s\000e\000\040\000M\000o\000d\000e\000l\000s}{chapter.4}% 57
\BOOKMARK [1][-]{section.4.3}{\376\377\000C\000l\000a\000s\000s\000\040\000a\000n\000d\000\040\000D\000o\000m\000a\000i\000n\000\040\000M\000o\000d\000e\000l\000s}{chapter.4}% 58
\BOOKMARK [1][-]{section.4.4}{\376\377\000E\000n\000t\000i\000t\000y\000-\000R\000e\000l\000a\000t\000i\000o\000n\000s\000h\000i\000p\000\040\000\050\000D\000a\000t\000a\000b\000a\000s\000e\000\051\000\040\000M\000o\000d\000e\000l\000s}{chapter.4}% 59
\BOOKMARK [1][-]{section.4.5}{\376\377\000B\000e\000h\000a\000v\000i\000o\000u\000r\000a\000l\000\040\000S\000e\000q\000u\000e\000n\000c\000e\000\040\000M\000o\000d\000e\000l\000s}{chapter.4}% 60
\BOOKMARK [1][-]{section.4.6}{\376\377\000S\000t\000a\000t\000e\000\040\000a\000n\000d\000\040\000L\000i\000f\000e\000c\000y\000c\000l\000e\000\040\000M\000o\000d\000e\000l\000s}{chapter.4}% 61
\BOOKMARK [0][-]{chapter.5}{\376\377\000R\000e\000s\000u\000l\000t\000s\000\040\000a\000n\000d\000\040\000A\000n\000a\000l\000y\000s\000i\000s}{}% 62
\BOOKMARK [1][-]{section.5.1}{\376\377\000O\000n\000b\000o\000a\000r\000d\000i\000n\000g\000\040\000a\000n\000d\000\040\000A\000u\000t\000h\000e\000n\000t\000i\000c\000a\000t\000i\000o\000n}{chapter.5}% 63
\BOOKMARK [1][-]{section.5.2}{\376\377\000R\000o\000l\000e\000-\000A\000w\000a\000r\000e\000\040\000D\000a\000s\000h\000b\000o\000a\000r\000d}{chapter.5}% 64
\BOOKMARK [1][-]{section.5.3}{\376\377\000C\000l\000u\000b\000\040\000H\000u\000b}{chapter.5}% 65
\BOOKMARK [1][-]{section.5.4}{\376\377\000S\000q\000u\000a\000d\000\040\000a\000n\000d\000\040\000P\000l\000a\000y\000e\000r\000\040\000P\000r\000o\000f\000i\000l\000e\000s}{chapter.5}% 66
\BOOKMARK [1][-]{section.5.5}{\376\377\000C\000o\000m\000p\000e\000t\000i\000t\000i\000o\000n\000s}{chapter.5}% 67
\BOOKMARK [2][-]{subsection.5.5.1}{\376\377\000L\000a\000\040\000L\000i\000g\000a\000:\000\040\000S\000t\000a\000n\000d\000i\000n\000g\000s\000\040\000a\000n\000d\000\040\000F\000i\000x\000t\000u\000r\000e\000s}{section.5.5}% 68
\BOOKMARK [2][-]{subsection.5.5.2}{\376\377\000C\000h\000a\000m\000p\000i\000o\000n\000s\000\040\000L\000e\000a\000g\000u\000e\000:\000\040\000L\000e\000a\000g\000u\000e\000\040\000P\000h\000a\000s\000e\000\040\000a\000n\000d\000\040\000K\000n\000o\000c\000k\000o\000u\000t\000\040\000B\000r\000a\000c\000k\000e\000t}{section.5.5}% 69
\BOOKMARK [2][-]{subsection.5.5.3}{\376\377\000C\000r\000e\000a\000t\000i\000n\000g\000\040\000a\000\040\000C\000o\000m\000p\000e\000t\000i\000t\000i\000o\000n}{section.5.5}% 70
\BOOKMARK [1][-]{section.5.6}{\376\377\000H\000e\000a\000d\000-\000t\000o\000-\000H\000e\000a\000d\000\040\000R\000e\000c\000o\000r\000d\000s}{chapter.5}% 71
\BOOKMARK [1][-]{section.5.7}{\376\377\000W\000o\000r\000l\000d\000\040\000C\000u\000p}{chapter.5}% 72
\BOOKMARK [1][-]{section.5.8}{\376\377\000T\000r\000o\000p\000h\000y\000\040\000R\000o\000o\000m}{chapter.5}% 73
\BOOKMARK [1][-]{section.5.9}{\376\377\000M\000a\000t\000c\000h\000\040\000H\000u\000b}{chapter.5}% 74
\BOOKMARK [2][-]{subsection.5.9.1}{\376\377\000S\000c\000h\000e\000d\000u\000l\000i\000n\000g\000\040\000a\000\040\000M\000a\000t\000c\000h}{section.5.9}% 75
\BOOKMARK [2][-]{subsection.5.9.2}{\376\377\000T\000h\000e\000\040\000L\000i\000n\000e\000u\000p\000\040\000B\000u\000i\000l\000d\000e\000r}{section.5.9}% 76
\BOOKMARK [1][-]{section.5.10}{\376\377\000T\000h\000e\000\040\000L\000i\000v\000e\000-\000M\000a\000t\000c\000h\000\040\000E\000n\000g\000i\000n\000e}{chapter.5}% 77
\BOOKMARK [2][-]{subsection.5.10.1}{\376\377\000G\000a\000t\000i\000n\000g\000\040\000a\000n\000d\000\040\000A\000u\000t\000o\000\040\000G\000o\000-\000L\000i\000v\000e}{section.5.10}% 78
\BOOKMARK [2][-]{subsection.5.10.2}{\376\377\000T\000h\000e\000\040\000P\000h\000a\000s\000e\000\040\000M\000a\000c\000h\000i\000n\000e}{section.5.10}% 79
\BOOKMARK [2][-]{subsection.5.10.3}{\376\377\000T\000h\000e\000\040\000C\000l\000o\000c\000k\000,\000\040\000S\000t\000o\000p\000p\000a\000g\000e\000\040\000T\000i\000m\000e\000\040\000a\000n\000d\000\040\000P\000h\000a\000s\000e\000-\000B\000o\000u\000n\000d\000e\000d\000\040\000M\000i\000n\000u\000t\000e\000s}{section.5.10}% 80
\BOOKMARK [2][-]{subsection.5.10.4}{\376\377\000E\000v\000e\000n\000t\000s\000,\000\040\000S\000c\000o\000r\000i\000n\000g\000\040\000a\000n\000d\000\040\000S\000u\000b\000s\000t\000i\000t\000u\000t\000i\000o\000n\000s}{section.5.10}% 81
\BOOKMARK [2][-]{subsection.5.10.5}{\376\377\000T\000h\000e\000\040\000I\000n\000-\000M\000a\000t\000c\000h\000\040\000I\000n\000j\000u\000r\000y\000\040\000B\000r\000i\000d\000g\000e}{section.5.10}% 82
\BOOKMARK [2][-]{subsection.5.10.6}{\376\377\000A\000l\000e\000r\000t\000s\000\040\000a\000n\000d\000\040\000R\000e\000s\000u\000l\000t\000\040\000W\000r\000i\000t\000e\000-\000B\000a\000c\000k}{section.5.10}% 83
\BOOKMARK [2][-]{subsection.5.10.7}{\376\377\000M\000a\000t\000c\000h\000\040\000D\000e\000t\000a\000i\000l\000s\000:\000\040\000E\000v\000e\000n\000t\000s\000,\000\040\000S\000t\000a\000t\000i\000s\000t\000i\000c\000s\000\040\000a\000n\000d\000\040\000R\000e\000v\000i\000e\000w\000s}{section.5.10}% 84
\BOOKMARK [1][-]{section.5.11}{\376\377\000M\000e\000d\000i\000c\000a\000l\000\040\000a\000n\000d\000\040\000F\000i\000t\000n\000e\000s\000s}{chapter.5}% 85
\BOOKMARK [2][-]{subsection.5.11.1}{\376\377\000T\000h\000e\000\040\000I\000n\000j\000u\000r\000y\000\040\000J\000o\000u\000r\000n\000e\000y}{section.5.11}% 86
\BOOKMARK [2][-]{subsection.5.11.2}{\376\377\000G\000e\000n\000e\000r\000a\000l\000\040\000M\000e\000d\000i\000c\000a\000l\000\040\000C\000a\000t\000a\000l\000o\000g\000s}{section.5.11}% 87
\BOOKMARK [1][-]{section.5.12}{\376\377\000T\000e\000a\000m\000\040\000C\000o\000m\000m\000u\000n\000i\000c\000a\000t\000i\000o\000n}{chapter.5}% 88
\BOOKMARK [1][-]{section.5.13}{\376\377\000N\000o\000t\000i\000f\000i\000c\000a\000t\000i\000o\000n\000s\000\040\000a\000n\000d\000\040\000A\000l\000e\000r\000t\000s}{chapter.5}% 89
\BOOKMARK [1][-]{section.5.14}{\376\377\000T\000r\000a\000i\000n\000i\000n\000g}{chapter.5}% 90
\BOOKMARK [1][-]{section.5.15}{\376\377\000S\000c\000o\000u\000t\000i\000n\000g}{chapter.5}% 91
\BOOKMARK [1][-]{section.5.16}{\376\377\000S\000p\000o\000n\000s\000o\000r\000s}{chapter.5}% 92
\BOOKMARK [1][-]{section.5.17}{\376\377\000R\000e\000p\000o\000r\000t\000s\000\040\000a\000n\000d\000\040\000A\000n\000a\000l\000y\000t\000i\000c\000s}{chapter.5}% 93
\BOOKMARK [1][-]{section.5.18}{\376\377\000S\000e\000t\000t\000i\000n\000g\000s}{chapter.5}% 94
\BOOKMARK [1][-]{section.5.19}{\376\377\000A\000n\000a\000l\000y\000s\000i\000s\000\040\000a\000n\000d\000\040\000E\000v\000a\000l\000u\000a\000t\000i\000o\000n}{chapter.5}% 95
\BOOKMARK [2][-]{subsection.5.19.1}{\376\377\000F\000u\000n\000c\000t\000i\000o\000n\000a\000l\000\040\000R\000e\000q\000u\000i\000r\000e\000m\000e\000n\000t\000s\000\040\000C\000o\000v\000e\000r\000a\000g\000e}{section.5.19}% 96
\BOOKMARK [2][-]{subsection.5.19.2}{\376\377\000N\000o\000n\000-\000F\000u\000n\000c\000t\000i\000o\000n\000a\000l\000\040\000R\000e\000q\000u\000i\000r\000e\000m\000e\000n\000t\000s\000\040\000C\000o\000v\000e\000r\000a\000g\000e}{section.5.19}% 97
\BOOKMARK [2][-]{subsection.5.19.3}{\376\377\000D\000e\000s\000i\000g\000n\000\040\000D\000e\000c\000i\000s\000i\000o\000n\000s\000\040\000T\000h\000a\000t\000\040\000W\000o\000r\000k\000e\000d\000\040\000W\000e\000l\000l}{section.5.19}% 98
\BOOKMARK [2][-]{subsection.5.19.4}{\376\377\000P\000e\000r\000f\000o\000r\000m\000a\000n\000c\000e\000\040\000a\000n\000d\000\040\000U\000s\000e\000r\000-\000E\000x\000p\000e\000r\000i\000e\000n\000c\000e\000\040\000O\000b\000s\000e\000r\000v\000a\000t\000i\000o\000n\000s}{section.5.19}% 99
\BOOKMARK [2][-]{subsection.5.19.5}{\376\377\000T\000e\000s\000t\000i\000n\000g\000\040\000a\000n\000d\000\040\000V\000a\000l\000i\000d\000a\000t\000i\000o\000n\000\040\000A\000p\000p\000r\000o\000a\000c\000h}{section.5.19}% 100
\BOOKMARK [2][-]{subsection.5.19.6}{\376\377\000S\000u\000m\000m\000a\000r\000y}{section.5.19}% 101
\BOOKMARK [0][-]{chapter.6}{\376\377\000C\000o\000n\000c\000l\000u\000s\000i\000o\000n\000s\000\040\000a\000n\000d\000\040\000R\000e\000c\000o\000m\000m\000e\000n\000d\000a\000t\000i\000o\000n\000s}{}% 102
\BOOKMARK [1][-]{section.6.1}{\376\377\000C\000o\000n\000c\000l\000u\000s\000i\000o\000n}{chapter.6}% 103
\BOOKMARK [1][-]{section.6.2}{\376\377\000W\000h\000a\000t\000\040\000W\000a\000s\000\040\000D\000e\000l\000i\000v\000e\000r\000e\000d}{chapter.6}% 104
\BOOKMARK [1][-]{section.6.3}{\376\377\000L\000e\000s\000s\000o\000n\000s\000\040\000L\000e\000a\000r\000n\000e\000d}{chapter.6}% 105
\BOOKMARK [1][-]{section.6.4}{\376\377\000L\000i\000m\000i\000t\000a\000t\000i\000o\000n\000s}{chapter.6}% 106
\BOOKMARK [1][-]{section.6.5}{\376\377\000F\000u\000t\000u\000r\000e\000\040\000W\000o\000r\000k\000\040\000a\000n\000d\000\040\000R\000e\000c\000o\000m\000m\000e\000n\000d\000a\000t\000i\000o\000n\000s}{chapter.6}% 107
\BOOKMARK [2][-]{subsection.6.5.1}{\376\377\000P\000r\000o\000d\000u\000c\000t\000\040\000E\000x\000t\000e\000n\000s\000i\000o\000n\000s}{section.6.5}% 108
\BOOKMARK [2][-]{subsection.6.5.2}{\376\377\000P\000l\000a\000t\000f\000o\000r\000m\000\040\000E\000x\000t\000e\000n\000s\000i\000o\000n\000s}{section.6.5}% 109
\BOOKMARK [0][-]{appendix.A}{\376\377\000F\000u\000n\000c\000t\000i\000o\000n\000a\000l\000\040\000a\000n\000d\000\040\000N\000o\000n\000-\000F\000u\000n\000c\000t\000i\000o\000n\000a\000l\000\040\000R\000e\000q\000u\000i\000r\000e\000m\000e\000n\000t\000s\000\040\000C\000a\000t\000a\000l\000o\000g\000u\000e}{}% 110
\BOOKMARK [1][-]{section.A.1}{\376\377\000F\000u\000n\000c\000t\000i\000o\000n\000a\000l\000\040\000R\000e\000q\000u\000i\000r\000e\000m\000e\000n\000t\000s}{appendix.A}% 111
\BOOKMARK [1][-]{section.A.2}{\376\377\000N\000o\000n\000-\000F\000u\000n\000c\000t\000i\000o\000n\000a\000l\000\040\000R\000e\000q\000u\000i\000r\000e\000m\000e\000n\000t\000s}{appendix.A}% 112
\BOOKMARK [0][-]{appendix.B}{\376\377\000R\000E\000S\000T\000\040\000A\000P\000I\000\040\000R\000e\000f\000e\000r\000e\000n\000c\000e}{}% 113
\BOOKMARK [1][-]{section.B.1}{\376\377\000G\000a\000t\000e\000w\000a\000y\000\040\000a\000n\000d\000\040\000A\000u\000t\000h\000e\000n\000t\000i\000c\000a\000t\000i\000o\000n}{appendix.B}% 114
\BOOKMARK [1][-]{section.B.2}{\376\377\000U\000s\000e\000r\000\040\000M\000a\000n\000a\000g\000e\000m\000e\000n\000t\000\040\000S\000e\000r\000v\000i\000c\000e}{appendix.B}% 115
\BOOKMARK [1][-]{section.B.3}{\376\377\000P\000l\000a\000y\000e\000r\000\040\000M\000a\000n\000a\000g\000e\000m\000e\000n\000t\000\040\000S\000e\000r\000v\000i\000c\000e}{appendix.B}% 116
\BOOKMARK [1][-]{section.B.4}{\376\377\000T\000r\000a\000i\000n\000i\000n\000g\000\040\000a\000n\000d\000\040\000M\000a\000t\000c\000h\000\040\000S\000e\000r\000v\000i\000c\000e}{appendix.B}% 117
\BOOKMARK [1][-]{section.B.5}{\376\377\000M\000e\000d\000i\000c\000a\000l\000\040\000a\000n\000d\000\040\000F\000i\000t\000n\000e\000s\000s\000\040\000S\000e\000r\000v\000i\000c\000e}{appendix.B}% 118
\BOOKMARK [1][-]{section.B.6}{\376\377\000R\000e\000p\000o\000r\000t\000s\000\040\000a\000n\000d\000\040\000A\000n\000a\000l\000y\000t\000i\000c\000s\000\040\000S\000e\000r\000v\000i\000c\000e}{appendix.B}% 119
\BOOKMARK [1][-]{section.B.7}{\376\377\000N\000o\000t\000i\000f\000i\000c\000a\000t\000i\000o\000n\000\040\000a\000n\000d\000\040\000M\000a\000i\000l\000\040\000S\000e\000r\000v\000i\000c\000e}{appendix.B}% 120
\BOOKMARK [0][-]{appendix.C}{\376\377\000D\000a\000t\000a\000b\000a\000s\000e\000\040\000S\000c\000h\000e\000m\000a\000\040\000R\000e\000f\000e\000r\000e\000n\000c\000e}{}% 121
\BOOKMARK [1][-]{section.C.1}{\376\377\000m\000s\000c\000m\000s\000\137\000u\000s\000e\000r\000\040\040\024\000\040\000U\000s\000e\000r\000\040\000M\000a\000n\000a\000g\000e\000m\000e\000n\000t}{appendix.C}% 122
\BOOKMARK [1][-]{section.C.2}{\376\377\000m\000s\000c\000m\000s\000\137\000p\000l\000a\000y\000e\000r\000\040\040\024\000\040\000P\000l\000a\000y\000e\000r\000\040\000M\000a\000n\000a\000g\000e\000m\000e\000n\000t}{appendix.C}% 123
\BOOKMARK [1][-]{section.C.3}{\376\377\000m\000s\000c\000m\000s\000\137\000t\000r\000a\000i\000n\000i\000n\000g\000\040\040\024\000\040\000T\000r\000a\000i\000n\000i\000n\000g\000\040\000a\000n\000d\000\040\000M\000a\000t\000c\000h}{appendix.C}% 124
\BOOKMARK [1][-]{section.C.4}{\376\377\000m\000s\000c\000m\000s\000\137\000m\000e\000d\000i\000c\000a\000l\000\040\040\024\000\040\000M\000e\000d\000i\000c\000a\000l\000\040\000a\000n\000d\000\040\000F\000i\000t\000n\000e\000s\000s}{appendix.C}% 125
\BOOKMARK [1][-]{section.C.5}{\376\377\000m\000s\000c\000m\000s\000\137\000r\000e\000p\000o\000r\000t\000s\000\040\000a\000n\000d\000\040\000m\000s\000c\000m\000s\000\137\000n\000o\000t\000i\000f\000i\000c\000a\000t\000i\000o\000n}{appendix.C}% 126
\BOOKMARK [0][-]{appendix.D}{\376\377\000T\000e\000c\000h\000n\000o\000l\000o\000g\000y\000\040\000S\000t\000a\000c\000k\000\040\000a\000n\000d\000\040\000V\000e\000r\000s\000i\000o\000n\000s}{}% 127
\BOOKMARK [0][-]{appendix.E}{\376\377\000D\000e\000p\000l\000o\000y\000m\000e\000n\000t\000\040\000a\000n\000d\000\040\000R\000u\000n\000\040\000G\000u\000i\000d\000e}{}% 128
\BOOKMARK [1][-]{section.E.1}{\376\377\000P\000r\000e\000r\000e\000q\000u\000i\000s\000i\000t\000e\000s}{appendix.E}% 129
\BOOKMARK [1][-]{section.E.2}{\376\377\000B\000u\000i\000l\000d\000\040\000a\000n\000d\000\040\000R\000u\000n}{appendix.E}% 130
\BOOKMARK [1][-]{section.E.3}{\376\377\000P\000o\000r\000t\000s\000\040\000a\000n\000d\000\040\000A\000c\000c\000e\000s\000s}{appendix.E}% 131
\BOOKMARK [1][-]{section.E.4}{\376\377\000D\000e\000m\000o\000n\000s\000t\000r\000a\000t\000i\000o\000n\000\040\000L\000o\000g\000i\000n}{appendix.E}% 132
\BOOKMARK [1][-]{section.E.5}{\376\377\000R\000e\000a\000l\000-\000F\000i\000x\000t\000u\000r\000e\000\040\000I\000n\000g\000e\000s\000t\000i\000o\000n}{appendix.E}% 133
\BOOKMARK [0][-]{section.E.5}{\376\377\000R\000e\000f\000e\000r\000e\000n\000c\000e\000s}{}% 134
